--- Starting Backend Verification ---
[PASS] Root Endpoint: API is running...
[PASS] Products API: Found 2 products
[PASS] Categories API: Found 0 categories
[PASS] Banners API: Found 0 banners
--- Verification Complete ---
